// Jest Snapshot v1, https://goo.gl/fbAQLP

exports[`icon Icon 是个svg 1`] = `
<svg
  className="react_wheels_icon "
>
  <use
    xlinkHref="#weibo"
  />
</svg>
`;
